=== 12:03:59 /whodunit 4282B ===
{
  "receiver": "whodunit-default",
  "status": "firing",
  "alerts": [
    {
      "status": "firing",
      "labels": {
        "alertname": "whodunit: (A => B) && NOT C",
        "ruleId": "019f97f7-f80b-7559-b585-8b0526accf71",
        "ruleSource": "http://localhost:8080/alerts/overview?ruleId=019f97f7-f80b-7559-b585-8b0526accf71",
        "severity": "critical",
        "team": "whodunit",
        "threshold.name": "warning"
      },
      "annotations": {
        "description": "Whodunit discriminator (A => B) && NOT C \u2014 count_distinct(trace_id) of matching traces.",
        "related_traces": "http://localhost:8080/traces-explorer?compositeQuery=%257B%2522queryType%2522%253A%2522builder%2522%252C%2522builder%2522%253A%257B%2522queryData%2522%253A%255B%257B%2522queryName%2522%253A%2522A%2522%252C%2522stepInterval%2522%253A60%252C%2522dataSource%2522%253A%2522traces%2522%252C%2522aggregateOperator%2522%253A%2522noop%2522%252C%2522aggregateAttribute%2522%253A%257B%2522key%2522%253A%2522%2522%252C%2522dataType%2522%253A%2522%2522%252C%2522type%2522%253A%2522%2522%252C%2522isColumn%2522%253Afalse%252C%2522isJSON%2522%253Afalse%257D%252C%2522expression%2522%253A%2522A%2522%252C%2522disabled%2522%253Afalse%252C%2522limit%2522%253A0%252C%2522offset%2522%253A0%252C%2522pageSize%2522%253A0%252C%2522ShiftBy%2522%253A0%252C%2522IsAnomaly%2522%253Afalse%252C%2522QueriesUsedInFormula%2522%253Anull%252C%2522filter%2522%253A%257B%2522expression%2522%253A%2522deployment.environment%253D%2527whodunit-demo%2527%2BAND%2Bservice.name%253D%2527shop-flag-service%2527%2BAND%2Bname%253D%2527GET%2B%252Fflags%252Fevaluate%2527%2522%257D%257D%255D%252C%2522queryFormulas%2522%253A%255B%255D%257D%257D&endTime=1784961060000000000&options=%7B%22maxLines%22%3A0%2C%22format%22%3A%22%22%2C%22selectColumns%22%3Anull%7D&startTime=1784960760000000000&timeRange=%7B%22start%22%3A1784960760000000000%2C%22end%22%3A1784961060000000000%2C%22pageSize%22%3A100%7D",
        "summary": "Whodunit: (A => B) && NOT C is firing."
      },
      "startsAt": "2026-07-25T06:33:29.361390944Z",
      "endsAt": "0001-01-01T00:00:00Z",
      "generatorURL": "http://localhost:8080/alerts/overview?ruleId=019f97f7-f80b-7559-b585-8b0526accf71",
      "fingerprint": "ad04ee00d16a72a0"
    }
  ],
  "groupLabels": {
    "ruleId": "019f97f7-f80b-7559-b585-8b0526accf71"
  },
  "commonLabels": {
    "alertname": "whodunit: (A => B) && NOT C",
    "ruleId": "019f97f7-f80b-7559-b585-8b0526accf71",
    "ruleSource": "http://localhost:8080/alerts/overview?ruleId=019f97f7-f80b-7559-b585-8b0526accf71",
    "severity": "critical",
    "team": "whodunit",
    "threshold.name": "warning"
  },
  "commonAnnotations": {
    "description": "Whodunit discriminator (A => B) && NOT C \u2014 count_distinct(trace_id) of matching traces.",
    "related_traces": "http://localhost:8080/traces-explorer?compositeQuery=%257B%2522queryType%2522%253A%2522builder%2522%252C%2522builder%2522%253A%257B%2522queryData%2522%253A%255B%257B%2522queryName%2522%253A%2522A%2522%252C%2522stepInterval%2522%253A60%252C%2522dataSource%2522%253A%2522traces%2522%252C%2522aggregateOperator%2522%253A%2522noop%2522%252C%2522aggregateAttribute%2522%253A%257B%2522key%2522%253A%2522%2522%252C%2522dataType%2522%253A%2522%2522%252C%2522type%2522%253A%2522%2522%252C%2522isColumn%2522%253Afalse%252C%2522isJSON%2522%253Afalse%257D%252C%2522expression%2522%253A%2522A%2522%252C%2522disabled%2522%253Afalse%252C%2522limit%2522%253A0%252C%2522offset%2522%253A0%252C%2522pageSize%2522%253A0%252C%2522ShiftBy%2522%253A0%252C%2522IsAnomaly%2522%253Afalse%252C%2522QueriesUsedInFormula%2522%253Anull%252C%2522filter%2522%253A%257B%2522expression%2522%253A%2522deployment.environment%253D%2527whodunit-demo%2527%2BAND%2Bservice.name%253D%2527shop-flag-service%2527%2BAND%2Bname%253D%2527GET%2B%252Fflags%252Fevaluate%2527%2522%257D%257D%255D%252C%2522queryFormulas%2522%253A%255B%255D%257D%257D&endTime=1784961060000000000&options=%7B%22maxLines%22%3A0%2C%22format%22%3A%22%22%2C%22selectColumns%22%3Anull%7D&startTime=1784960760000000000&timeRange=%7B%22start%22%3A1784960760000000000%2C%22end%22%3A1784961060000000000%2C%22pageSize%22%3A100%7D",
    "summary": "Whodunit: (A => B) && NOT C is firing."
  },
  "externalURL": "http://localhost:8080",
  "version": "4",
  "groupKey": "{__receiver__=\"whodunit-default\"}:{ruleId=\"019f97f7-f80b-7559-b585-8b0526accf71\"}",
  "truncatedAlerts": 0
}
=== 12:05:59 /whodunit 4282B ===
{
  "receiver": "whodunit-default",
  "status": "firing",
  "alerts": [
    {
      "status": "firing",
      "labels": {
        "alertname": "whodunit: (A => B) && NOT C",
        "ruleId": "019f97fb-f4a7-743a-8499-be519fb5bbeb",
        "ruleSource": "http://localhost:8080/alerts/overview?ruleId=019f97fb-f4a7-743a-8499-be519fb5bbeb",
        "severity": "critical",
        "team": "whodunit",
        "threshold.name": "warning"
      },
      "annotations": {
        "description": "Whodunit discriminator (A => B) && NOT C \u2014 count_distinct(trace_id) of matching traces.",
        "related_traces": "http://localhost:8080/traces-explorer?compositeQuery=%257B%2522queryType%2522%253A%2522builder%2522%252C%2522builder%2522%253A%257B%2522queryData%2522%253A%255B%257B%2522queryName%2522%253A%2522A%2522%252C%2522stepInterval%2522%253A60%252C%2522dataSource%2522%253A%2522traces%2522%252C%2522aggregateOperator%2522%253A%2522noop%2522%252C%2522aggregateAttribute%2522%253A%257B%2522key%2522%253A%2522%2522%252C%2522dataType%2522%253A%2522%2522%252C%2522type%2522%253A%2522%2522%252C%2522isColumn%2522%253Afalse%252C%2522isJSON%2522%253Afalse%257D%252C%2522expression%2522%253A%2522A%2522%252C%2522disabled%2522%253Afalse%252C%2522limit%2522%253A0%252C%2522offset%2522%253A0%252C%2522pageSize%2522%253A0%252C%2522ShiftBy%2522%253A0%252C%2522IsAnomaly%2522%253Afalse%252C%2522QueriesUsedInFormula%2522%253Anull%252C%2522filter%2522%253A%257B%2522expression%2522%253A%2522deployment.environment%253D%2527whodunit-demo%2527%2BAND%2Bservice.name%253D%2527shop-flag-service%2527%2BAND%2Bname%253D%2527GET%2B%252Fflags%252Fevaluate%2527%2522%257D%257D%255D%252C%2522queryFormulas%2522%253A%255B%255D%257D%257D&endTime=1784961180000000000&options=%7B%22maxLines%22%3A0%2C%22format%22%3A%22%22%2C%22selectColumns%22%3Anull%7D&startTime=1784960880000000000&timeRange=%7B%22start%22%3A1784960880000000000%2C%22end%22%3A1784961180000000000%2C%22pageSize%22%3A100%7D",
        "summary": "Whodunit: (A => B) && NOT C is firing."
      },
      "startsAt": "2026-07-25T06:35:11.232034001Z",
      "endsAt": "0001-01-01T00:00:00Z",
      "generatorURL": "http://localhost:8080/alerts/overview?ruleId=019f97fb-f4a7-743a-8499-be519fb5bbeb",
      "fingerprint": "f6b4af9ca5355544"
    }
  ],
  "groupLabels": {
    "ruleId": "019f97fb-f4a7-743a-8499-be519fb5bbeb"
  },
  "commonLabels": {
    "alertname": "whodunit: (A => B) && NOT C",
    "ruleId": "019f97fb-f4a7-743a-8499-be519fb5bbeb",
    "ruleSource": "http://localhost:8080/alerts/overview?ruleId=019f97fb-f4a7-743a-8499-be519fb5bbeb",
    "severity": "critical",
    "team": "whodunit",
    "threshold.name": "warning"
  },
  "commonAnnotations": {
    "description": "Whodunit discriminator (A => B) && NOT C \u2014 count_distinct(trace_id) of matching traces.",
    "related_traces": "http://localhost:8080/traces-explorer?compositeQuery=%257B%2522queryType%2522%253A%2522builder%2522%252C%2522builder%2522%253A%257B%2522queryData%2522%253A%255B%257B%2522queryName%2522%253A%2522A%2522%252C%2522stepInterval%2522%253A60%252C%2522dataSource%2522%253A%2522traces%2522%252C%2522aggregateOperator%2522%253A%2522noop%2522%252C%2522aggregateAttribute%2522%253A%257B%2522key%2522%253A%2522%2522%252C%2522dataType%2522%253A%2522%2522%252C%2522type%2522%253A%2522%2522%252C%2522isColumn%2522%253Afalse%252C%2522isJSON%2522%253Afalse%257D%252C%2522expression%2522%253A%2522A%2522%252C%2522disabled%2522%253Afalse%252C%2522limit%2522%253A0%252C%2522offset%2522%253A0%252C%2522pageSize%2522%253A0%252C%2522ShiftBy%2522%253A0%252C%2522IsAnomaly%2522%253Afalse%252C%2522QueriesUsedInFormula%2522%253Anull%252C%2522filter%2522%253A%257B%2522expression%2522%253A%2522deployment.environment%253D%2527whodunit-demo%2527%2BAND%2Bservice.name%253D%2527shop-flag-service%2527%2BAND%2Bname%253D%2527GET%2B%252Fflags%252Fevaluate%2527%2522%257D%257D%255D%252C%2522queryFormulas%2522%253A%255B%255D%257D%257D&endTime=1784961180000000000&options=%7B%22maxLines%22%3A0%2C%22format%22%3A%22%22%2C%22selectColumns%22%3Anull%7D&startTime=1784960880000000000&timeRange=%7B%22start%22%3A1784960880000000000%2C%22end%22%3A1784961180000000000%2C%22pageSize%22%3A100%7D",
    "summary": "Whodunit: (A => B) && NOT C is firing."
  },
  "externalURL": "http://localhost:8080",
  "version": "4",
  "groupKey": "{__receiver__=\"whodunit-default\"}:{ruleId=\"019f97fb-f4a7-743a-8499-be519fb5bbeb\"}",
  "truncatedAlerts": 0
}
